
> the-new-tailwind@0.1.0 build
> next build

 ⚠ Warning: Next.js inferred your workspace root, but it may not be correct.
 We detected multiple lockfiles and selected the directory of /home/runner/workspace/package-lock.json as the root directory.
 To silence this warning, set `outputFileTracingRoot` in your Next.js config, or consider removing one of the lockfiles if it's not needed.
   See https://nextjs.org/docs/app/api-reference/config/next-config-js/output#caveats for more information.
 Detected additional lockfiles: 
   * /home/runner/workspace/theNewTailwind/package-lock.json

   ▲ Next.js 15.5.6

   Creating an optimized production build ...
 ✓ Compiled successfully in 15.1s
   Linting and checking validity of types ...
   Collecting page data ...
   Generating static pages (0/4) ...
   Generating static pages (1/4) 
   Generating static pages (2/4) 
   Generating static pages (3/4) 
 ✓ Generating static pages (4/4)
   Finalizing page optimization ...
   Collecting build traces ...

Route (app)                                 Size  First Load JS
┌ ○ /                                    8.62 kB         122 kB
└ ○ /_not-found                            994 B         103 kB
+ First Load JS shared by all             102 kB
  ├ chunks/255-cf2e1d3491ac955b.js       45.8 kB
  ├ chunks/4bd1b696-c023c6e3521b1417.js  54.2 kB
  └ other shared chunks (total)           1.9 kB


○  (Static)  prerendered as static content

